Archive member included because of file (symbol)

c:/program files/winavr/bin/../lib/gcc/avr/4.1.2/avr5\libgcc.a(_udivmodsi4.o)
                              drivers/uart1.o (__udivmodsi4)
c:/program files/winavr/bin/../lib/gcc/avr/4.1.2/avr5\libgcc.a(_exit.o)
                              c:/program files/winavr/bin/../lib/gcc/avr/4.1.2/../../../../avr/lib/avr5/crtm128.o (exit)
c:/program files/winavr/bin/../lib/gcc/avr/4.1.2/avr5\libgcc.a(_clear_bss.o)
                              main.o (__do_clear_bss)

Discarded input sections

 .stabstr       0x00000000        0x0 c:/program files/winavr/bin/../lib/gcc/avr/4.1.2/../../../../avr/lib/avr5/crtm128.o

Memory Configuration

Name             Origin             Length             Attributes
text             0x00000000         0x00020000         xr
data             0x00800060         0x0000ffa0         rw !x
eeprom           0x00810000         0x00010000         rw !x
*default*        0x00000000         0xffffffff

Linker script and memory map

Address of section .data set to 0x800100
LOAD c:/program files/winavr/bin/../lib/gcc/avr/4.1.2/../../../../avr/lib/avr5/crtm128.o
LOAD main.o
LOAD drivers/fingermap.o
LOAD drivers/uart1.o
LOAD c:/program files/winavr/bin/../lib/gcc/avr/4.1.2/../../../../avr/lib/avr5\libm.a
LOAD c:/program files/winavr/bin/../lib/gcc/avr/4.1.2/avr5\libgcc.a
LOAD c:/program files/winavr/bin/../lib/gcc/avr/4.1.2/../../../../avr/lib/avr5\libc.a
LOAD c:/program files/winavr/bin/../lib/gcc/avr/4.1.2/avr5\libgcc.a

.hash
 *(.hash)

.dynsym
 *(.dynsym)

.dynstr
 *(.dynstr)

.gnu.version
 *(.gnu.version)

.gnu.version_d
 *(.gnu.version_d)

.gnu.version_r
 *(.gnu.version_r)

.rel.init
 *(.rel.init)

.rela.init
 *(.rela.init)

.rel.text
 *(.rel.text)
 *(.rel.text.*)
 *(.rel.gnu.linkonce.t*)

.rela.text
 *(.rela.text)
 *(.rela.text.*)
 *(.rela.gnu.linkonce.t*)

.rel.fini
 *(.rel.fini)

.rela.fini
 *(.rela.fini)

.rel.rodata
 *(.rel.rodata)
 *(.rel.rodata.*)
 *(.rel.gnu.linkonce.r*)

.rela.rodata
 *(.rela.rodata)
 *(.rela.rodata.*)
 *(.rela.gnu.linkonce.r*)

.rel.data
 *(.rel.data)
 *(.rel.data.*)
 *(.rel.gnu.linkonce.d*)

.rela.data
 *(.rela.data)
 *(.rela.data.*)
 *(.rela.gnu.linkonce.d*)

.rel.ctors
 *(.rel.ctors)

.rela.ctors
 *(.rela.ctors)

.rel.dtors
 *(.rel.dtors)

.rela.dtors
 *(.rela.dtors)

.rel.got
 *(.rel.got)

.rela.got
 *(.rela.got)

.rel.bss
 *(.rel.bss)

.rela.bss
 *(.rela.bss)

.rel.plt
 *(.rel.plt)

.rela.plt
 *(.rela.plt)

.text           0x00000000      0xcc6
 *(.vectors)
 .vectors       0x00000000       0x8c c:/program files/winavr/bin/../lib/gcc/avr/4.1.2/../../../../avr/lib/avr5/crtm128.o
                0x00000000                __vectors
                0x00000000                __vector_default
 *(.vectors)
 *(.progmem.gcc*)
 *(.progmem*)
                0x0000008c                . = ALIGN (0x2)
                0x0000008c                __trampolines_start = .
 *(.trampolines)
 .trampolines   0x0000008c        0x0 linker stubs
 *(.trampolines*)
                0x0000008c                __trampolines_end = .
 *(.jumptables)
 *(.jumptables*)
 *(.lowtext)
 *(.lowtext*)
                0x0000008c                __ctors_start = .
 *(.ctors)
                0x0000008c                __ctors_end = .
                0x0000008c                __dtors_start = .
 *(.dtors)
                0x0000008c                __dtors_end = .
 SORT(*)(.ctors)
 SORT(*)(.dtors)
 *(.init0)
 .init0         0x0000008c        0x0 c:/program files/winavr/bin/../lib/gcc/avr/4.1.2/../../../../avr/lib/avr5/crtm128.o
                0x0000008c                __init
 *(.init0)
 *(.init1)
 *(.init1)
 *(.init2)
 .init2         0x0000008c        0xc c:/program files/winavr/bin/../lib/gcc/avr/4.1.2/../../../../avr/lib/avr5/crtm128.o
 *(.init2)
 *(.init3)
 *(.init3)
 *(.init4)
 .init4         0x00000098       0x1a c:/program files/winavr/bin/../lib/gcc/avr/4.1.2/../../../../avr/lib/avr5/crtm128.o
                0x00000098                __do_copy_data
 .init4         0x000000b2       0x10 c:/program files/winavr/bin/../lib/gcc/avr/4.1.2/avr5\libgcc.a(_clear_bss.o)
                0x000000b2                __do_clear_bss
 *(.init4)
 *(.init5)
 *(.init5)
 *(.init6)
 *(.init6)
 *(.init7)
 *(.init7)
 *(.init8)
 *(.init8)
 *(.init9)
 .init9         0x000000c2        0x8 c:/program files/winavr/bin/../lib/gcc/avr/4.1.2/../../../../avr/lib/avr5/crtm128.o
 *(.init9)
 *(.text)
 .text          0x000000ca        0x4 c:/program files/winavr/bin/../lib/gcc/avr/4.1.2/../../../../avr/lib/avr5/crtm128.o
                0x000000ca                __vector_22
                0x000000ca                __vector_28
                0x000000ca                __vector_1
                0x000000ca                __vector_32
                0x000000ca                __vector_34
                0x000000ca                __vector_24
                0x000000ca                __vector_12
                0x000000ca                __bad_interrupt
                0x000000ca                __vector_6
                0x000000ca                __vector_3
                0x000000ca                __vector_23
                0x000000ca                __vector_25
                0x000000ca                __vector_11
                0x000000ca                __vector_13
                0x000000ca                __vector_17
                0x000000ca                __vector_19
                0x000000ca                __vector_7
                0x000000ca                __vector_27
                0x000000ca                __vector_5
                0x000000ca                __vector_33
                0x000000ca                __vector_4
                0x000000ca                __vector_9
                0x000000ca                __vector_2
                0x000000ca                __vector_21
                0x000000ca                __vector_15
                0x000000ca                __vector_29
                0x000000ca                __vector_8
                0x000000ca                __vector_26
                0x000000ca                __vector_14
                0x000000ca                __vector_10
                0x000000ca                __vector_16
                0x000000ca                __vector_18
                0x000000ca                __vector_20
 .text          0x000000ce      0x182 main.o
                0x000000ce                main
 .text          0x00000250      0x7d0 drivers/fingermap.o
                0x00000986                fingermap_auth_apl
                0x00000618                User_enroll
                0x00000250                User_clear
                0x000009dc                fingermap_enroll_apl
                0x00000936                fingermap_erase_apl
                0x00000448                User_auth
                0x00000388                User_erase
 .text          0x00000a20      0x260 drivers/uart1.o
                0x00000b68                UART1_read
                0x00000aae                __vector_31
                0x00000bd8                UART1_RX_flash
                0x00000a66                __vector_30
                0x00000bec                UART1_Transmitstr
                0x00000ba0                UART1_write
                0x00000c36                UART1_Transmitconstr
                0x00000be2                UART1_TX_flash
                0x00000b02                UART1_ReceiveByte
                0x00000b24                UART1_TransmitByte
                0x00000b50                UART1_DataInReceiveBuffer
                0x00000a20                UART1_InitUART
 .text          0x00000c80        0x0 c:/program files/winavr/bin/../lib/gcc/avr/4.1.2/avr5\libgcc.a(_udivmodsi4.o)
 .text          0x00000c80        0x0 c:/program files/winavr/bin/../lib/gcc/avr/4.1.2/avr5\libgcc.a(_exit.o)
 .text          0x00000c80        0x0 c:/program files/winavr/bin/../lib/gcc/avr/4.1.2/avr5\libgcc.a(_clear_bss.o)
                0x00000c80                . = ALIGN (0x2)
 *(.text.*)
 .text.libgcc   0x00000c80       0x44 c:/program files/winavr/bin/../lib/gcc/avr/4.1.2/avr5\libgcc.a(_udivmodsi4.o)
                0x00000c80                __udivmodsi4
 .text.libgcc   0x00000cc4        0x0 c:/program files/winavr/bin/../lib/gcc/avr/4.1.2/avr5\libgcc.a(_exit.o)
 .text.libgcc   0x00000cc4        0x0 c:/program files/winavr/bin/../lib/gcc/avr/4.1.2/avr5\libgcc.a(_clear_bss.o)
                0x00000cc4                . = ALIGN (0x2)
 *(.fini9)
 .fini9         0x00000cc4        0x0 c:/program files/winavr/bin/../lib/gcc/avr/4.1.2/avr5\libgcc.a(_exit.o)
                0x00000cc4                exit
                0x00000cc4                _exit
 *(.fini9)
 *(.fini8)
 *(.fini8)
 *(.fini7)
 *(.fini7)
 *(.fini6)
 *(.fini6)
 *(.fini5)
 *(.fini5)
 *(.fini4)
 *(.fini4)
 *(.fini3)
 *(.fini3)
 *(.fini2)
 *(.fini2)
 *(.fini1)
 *(.fini1)
 *(.fini0)
 .fini0         0x00000cc4        0x2 c:/program files/winavr/bin/../lib/gcc/avr/4.1.2/avr5\libgcc.a(_exit.o)
 *(.fini0)
                0x00000cc6                _etext = .

.data           0x00800100        0x2 load address 0x00000cc6
                0x00800100                PROVIDE (__data_start, .)
 *(.data)
 .data          0x00800100        0x0 c:/program files/winavr/bin/../lib/gcc/avr/4.1.2/../../../../avr/lib/avr5/crtm128.o
 .data          0x00800100        0x0 main.o
 .data          0x00800100        0x1 drivers/fingermap.o
                0x00800100                fingermap_id
 .data          0x00800101        0x0 drivers/uart1.o
 .data          0x00800101        0x0 c:/program files/winavr/bin/../lib/gcc/avr/4.1.2/avr5\libgcc.a(_udivmodsi4.o)
 .data          0x00800101        0x0 c:/program files/winavr/bin/../lib/gcc/avr/4.1.2/avr5\libgcc.a(_exit.o)
 .data          0x00800101        0x0 c:/program files/winavr/bin/../lib/gcc/avr/4.1.2/avr5\libgcc.a(_clear_bss.o)
 *(.data*)
 *(.rodata)
 *(.rodata*)
 *(.gnu.linkonce.d*)
                0x00800102                . = ALIGN (0x2)
 *fill*         0x00800101        0x1 00
                0x00800102                _edata = .
                0x00800102                PROVIDE (__data_end, .)

.bss            0x00800102      0x185
                0x00800102                PROVIDE (__bss_start, .)
 *(.bss)
 .bss           0x00800102        0x0 c:/program files/winavr/bin/../lib/gcc/avr/4.1.2/../../../../avr/lib/avr5/crtm128.o
 .bss           0x00800102        0x0 main.o
 .bss           0x00800102        0x0 drivers/fingermap.o
 .bss           0x00800102      0x185 drivers/uart1.o
 .bss           0x00800287        0x0 c:/program files/winavr/bin/../lib/gcc/avr/4.1.2/avr5\libgcc.a(_udivmodsi4.o)
 .bss           0x00800287        0x0 c:/program files/winavr/bin/../lib/gcc/avr/4.1.2/avr5\libgcc.a(_exit.o)
 .bss           0x00800287        0x0 c:/program files/winavr/bin/../lib/gcc/avr/4.1.2/avr5\libgcc.a(_clear_bss.o)
 *(.bss*)
 *(COMMON)
                0x00800287                PROVIDE (__bss_end, .)
                0x00000cc6                __data_load_start = LOADADDR (.data)
                0x00000cc8                __data_load_end = (__data_load_start + SIZEOF (.data))

.noinit         0x00800287        0x0
                0x00800287                PROVIDE (__noinit_start, .)
 *(.noinit*)
                0x00800287                PROVIDE (__noinit_end, .)
                0x00800287                _end = .
                0x00800287                PROVIDE (__heap_start, .)

.eeprom         0x00810000        0x0
 *(.eeprom*)
                0x00810000                __eeprom_end = .

.stab           0x00000000      0x414
 *(.stab)
 .stab          0x00000000      0x414 c:/program files/winavr/bin/../lib/gcc/avr/4.1.2/../../../../avr/lib/avr5/crtm128.o

.stabstr        0x00000000       0x71
 *(.stabstr)
 .stabstr       0x00000000       0x71 c:/program files/winavr/bin/../lib/gcc/avr/4.1.2/../../../../avr/lib/avr5/crtm128.o

.stab.excl
 *(.stab.excl)

.stab.exclstr
 *(.stab.exclstr)

.stab.index
 *(.stab.index)

.stab.indexstr
 *(.stab.indexstr)

.comment
 *(.comment)

.debug
 *(.debug)

.line
 *(.line)

.debug_srcinfo
 *(.debug_srcinfo)

.debug_sfnames
 *(.debug_sfnames)

.debug_aranges  0x00000000       0x60
 *(.debug_aranges)
 .debug_aranges
                0x00000000       0x20 main.o
 .debug_aranges
                0x00000020       0x20 drivers/fingermap.o
 .debug_aranges
                0x00000040       0x20 drivers/uart1.o

.debug_pubnames
                0x00000000      0x1c6
 *(.debug_pubnames)
 .debug_pubnames
                0x00000000       0x1b main.o
 .debug_pubnames
                0x0000001b       0xa7 drivers/fingermap.o
 .debug_pubnames
                0x000000c2      0x104 drivers/uart1.o

.debug_info     0x00000000      0xe28
 *(.debug_info)
 .debug_info    0x00000000      0x21f main.o
 .debug_info    0x0000021f      0x857 drivers/fingermap.o
 .debug_info    0x00000a76      0x3b2 drivers/uart1.o
 *(.gnu.linkonce.wi.*)

.debug_abbrev   0x00000000      0x318
 *(.debug_abbrev)
 .debug_abbrev  0x00000000       0x93 main.o
 .debug_abbrev  0x00000093      0x16f drivers/fingermap.o
 .debug_abbrev  0x00000202      0x116 drivers/uart1.o

.debug_line     0x00000000      0xa3c
 *(.debug_line)
 .debug_line    0x00000000      0x1ce main.o
 .debug_line    0x000001ce      0x583 drivers/fingermap.o
 .debug_line    0x00000751      0x2eb drivers/uart1.o

.debug_frame    0x00000000      0x170
 *(.debug_frame)
 .debug_frame   0x00000000       0x20 main.o
 .debug_frame   0x00000020       0x80 drivers/fingermap.o
 .debug_frame   0x000000a0       0xd0 drivers/uart1.o

.debug_str      0x00000000      0x2bd
 *(.debug_str)
 .debug_str     0x00000000       0xc3 main.o
                                0x114 (size before relaxing)
 .debug_str     0x000000c3       0xa9 drivers/fingermap.o
                                0x1b1 (size before relaxing)
 .debug_str     0x0000016c      0x151 drivers/uart1.o
                                0x23f (size before relaxing)

.debug_loc      0x00000000      0xa6b
 *(.debug_loc)
 .debug_loc     0x00000000      0x16c main.o
 .debug_loc     0x0000016c      0x707 drivers/fingermap.o
 .debug_loc     0x00000873      0x1f8 drivers/uart1.o

.debug_macinfo
 *(.debug_macinfo)
OUTPUT(main.elf elf32-avr)
LOAD linker stubs

Cross Reference Table

Symbol                                            File
UART1_DataInReceiveBuffer                         drivers/uart1.o
UART1_InitUART                                    drivers/uart1.o
                                                  main.o
UART1_RX_flash                                    drivers/uart1.o
                                                  drivers/fingermap.o
UART1_ReceiveByte                                 drivers/uart1.o
UART1_TX_flash                                    drivers/uart1.o
UART1_TransmitByte                                drivers/uart1.o
UART1_Transmitconstr                              drivers/uart1.o
UART1_Transmitstr                                 drivers/uart1.o
UART1_read                                        drivers/uart1.o
                                                  drivers/fingermap.o
UART1_write                                       drivers/uart1.o
                                                  drivers/fingermap.o
User_auth                                         drivers/fingermap.o
User_clear                                        drivers/fingermap.o
User_enroll                                       drivers/fingermap.o
User_erase                                        drivers/fingermap.o
__bad_interrupt                                   c:/program files/winavr/bin/../lib/gcc/avr/4.1.2/../../../../avr/lib/avr5/crtm128.o
__bss_end                                         c:/program files/winavr/bin/../lib/gcc/avr/4.1.2/avr5\libgcc.a(_clear_bss.o)
__bss_start                                       c:/program files/winavr/bin/../lib/gcc/avr/4.1.2/avr5\libgcc.a(_clear_bss.o)
__data_end                                        c:/program files/winavr/bin/../lib/gcc/avr/4.1.2/../../../../avr/lib/avr5/crtm128.o
__data_load_start                                 c:/program files/winavr/bin/../lib/gcc/avr/4.1.2/../../../../avr/lib/avr5/crtm128.o
__data_start                                      c:/program files/winavr/bin/../lib/gcc/avr/4.1.2/../../../../avr/lib/avr5/crtm128.o
__do_clear_bss                                    c:/program files/winavr/bin/../lib/gcc/avr/4.1.2/avr5\libgcc.a(_clear_bss.o)
                                                  drivers/uart1.o
                                                  drivers/fingermap.o
                                                  main.o
__do_copy_data                                    c:/program files/winavr/bin/../lib/gcc/avr/4.1.2/../../../../avr/lib/avr5/crtm128.o
                                                  drivers/uart1.o
                                                  drivers/fingermap.o
                                                  main.o
__heap_end                                        c:/program files/winavr/bin/../lib/gcc/avr/4.1.2/../../../../avr/lib/avr5/crtm128.o
__init                                            c:/program files/winavr/bin/../lib/gcc/avr/4.1.2/../../../../avr/lib/avr5/crtm128.o
__stack                                           c:/program files/winavr/bin/../lib/gcc/avr/4.1.2/../../../../avr/lib/avr5/crtm128.o
__udivmodsi4                                      c:/program files/winavr/bin/../lib/gcc/avr/4.1.2/avr5\libgcc.a(_udivmodsi4.o)
                                                  drivers/uart1.o
__vector_1                                        c:/program files/winavr/bin/../lib/gcc/avr/4.1.2/../../../../avr/lib/avr5/crtm128.o
__vector_10                                       c:/program files/winavr/bin/../lib/gcc/avr/4.1.2/../../../../avr/lib/avr5/crtm128.o
__vector_11                                       c:/program files/winavr/bin/../lib/gcc/avr/4.1.2/../../../../avr/lib/avr5/crtm128.o
__vector_12                                       c:/program files/winavr/bin/../lib/gcc/avr/4.1.2/../../../../avr/lib/avr5/crtm128.o
__vector_13                                       c:/program files/winavr/bin/../lib/gcc/avr/4.1.2/../../../../avr/lib/avr5/crtm128.o
__vector_14                                       c:/program files/winavr/bin/../lib/gcc/avr/4.1.2/../../../../avr/lib/avr5/crtm128.o
__vector_15                                       c:/program files/winavr/bin/../lib/gcc/avr/4.1.2/../../../../avr/lib/avr5/crtm128.o
__vector_16                                       c:/program files/winavr/bin/../lib/gcc/avr/4.1.2/../../../../avr/lib/avr5/crtm128.o
__vector_17                                       c:/program files/winavr/bin/../lib/gcc/avr/4.1.2/../../../../avr/lib/avr5/crtm128.o
__vector_18                                       c:/program files/winavr/bin/../lib/gcc/avr/4.1.2/../../../../avr/lib/avr5/crtm128.o
__vector_19                                       c:/program files/winavr/bin/../lib/gcc/avr/4.1.2/../../../../avr/lib/avr5/crtm128.o
__vector_2                                        c:/program files/winavr/bin/../lib/gcc/avr/4.1.2/../../../../avr/lib/avr5/crtm128.o
__vector_20                                       c:/program files/winavr/bin/../lib/gcc/avr/4.1.2/../../../../avr/lib/avr5/crtm128.o
__vector_21                                       c:/program files/winavr/bin/../lib/gcc/avr/4.1.2/../../../../avr/lib/avr5/crtm128.o
__vector_22                                       c:/program files/winavr/bin/../lib/gcc/avr/4.1.2/../../../../avr/lib/avr5/crtm128.o
__vector_23                                       c:/program files/winavr/bin/../lib/gcc/avr/4.1.2/../../../../avr/lib/avr5/crtm128.o
__vector_24                                       c:/program files/winavr/bin/../lib/gcc/avr/4.1.2/../../../../avr/lib/avr5/crtm128.o
__vector_25                                       c:/program files/winavr/bin/../lib/gcc/avr/4.1.2/../../../../avr/lib/avr5/crtm128.o
__vector_26                                       c:/program files/winavr/bin/../lib/gcc/avr/4.1.2/../../../../avr/lib/avr5/crtm128.o
__vector_27                                       c:/program files/winavr/bin/../lib/gcc/avr/4.1.2/../../../../avr/lib/avr5/crtm128.o
__vector_28                                       c:/program files/winavr/bin/../lib/gcc/avr/4.1.2/../../../../avr/lib/avr5/crtm128.o
__vector_29                                       c:/program files/winavr/bin/../lib/gcc/avr/4.1.2/../../../../avr/lib/avr5/crtm128.o
__vector_3                                        c:/program files/winavr/bin/../lib/gcc/avr/4.1.2/../../../../avr/lib/avr5/crtm128.o
__vector_30                                       drivers/uart1.o
                                                  c:/program files/winavr/bin/../lib/gcc/avr/4.1.2/../../../../avr/lib/avr5/crtm128.o
__vector_31                                       drivers/uart1.o
                                                  c:/program files/winavr/bin/../lib/gcc/avr/4.1.2/../../../../avr/lib/avr5/crtm128.o
__vector_32                                       c:/program files/winavr/bin/../lib/gcc/avr/4.1.2/../../../../avr/lib/avr5/crtm128.o
__vector_33                                       c:/program files/winavr/bin/../lib/gcc/avr/4.1.2/../../../../avr/lib/avr5/crtm128.o
__vector_34                                       c:/program files/winavr/bin/../lib/gcc/avr/4.1.2/../../../../avr/lib/avr5/crtm128.o
__vector_4                                        c:/program files/winavr/bin/../lib/gcc/avr/4.1.2/../../../../avr/lib/avr5/crtm128.o
__vector_5                                        c:/program files/winavr/bin/../lib/gcc/avr/4.1.2/../../../../avr/lib/avr5/crtm128.o
__vector_6                                        c:/program files/winavr/bin/../lib/gcc/avr/4.1.2/../../../../avr/lib/avr5/crtm128.o
__vector_7                                        c:/program files/winavr/bin/../lib/gcc/avr/4.1.2/../../../../avr/lib/avr5/crtm128.o
__vector_8                                        c:/program files/winavr/bin/../lib/gcc/avr/4.1.2/../../../../avr/lib/avr5/crtm128.o
__vector_9                                        c:/program files/winavr/bin/../lib/gcc/avr/4.1.2/../../../../avr/lib/avr5/crtm128.o
__vector_default                                  c:/program files/winavr/bin/../lib/gcc/avr/4.1.2/../../../../avr/lib/avr5/crtm128.o
__vectors                                         c:/program files/winavr/bin/../lib/gcc/avr/4.1.2/../../../../avr/lib/avr5/crtm128.o
_exit                                             c:/program files/winavr/bin/../lib/gcc/avr/4.1.2/avr5\libgcc.a(_exit.o)
exit                                              c:/program files/winavr/bin/../lib/gcc/avr/4.1.2/avr5\libgcc.a(_exit.o)
                                                  c:/program files/winavr/bin/../lib/gcc/avr/4.1.2/../../../../avr/lib/avr5/crtm128.o
fingermap_auth_apl                                drivers/fingermap.o
                                                  main.o
fingermap_enroll_apl                              drivers/fingermap.o
                                                  main.o
fingermap_erase_apl                               drivers/fingermap.o
                                                  main.o
fingermap_id                                      drivers/fingermap.o
                                                  main.o
main                                              main.o
                                                  c:/program files/winavr/bin/../lib/gcc/avr/4.1.2/../../../../avr/lib/avr5/crtm128.o
