Archive member included because of file (symbol)

c:/winavr-20070525/bin/../lib/gcc/avr/4.1.2/avr5\libgcc.a(_divmodhi4.o)
                              kernel/scheduler.o (__divmodhi4)
c:/winavr-20070525/bin/../lib/gcc/avr/4.1.2/avr5\libgcc.a(_udivmodsi4.o)
                              drivers/uart0.o (__udivmodsi4)
c:/winavr-20070525/bin/../lib/gcc/avr/4.1.2/avr5\libgcc.a(_exit.o)
                              c:/winavr-20070525/bin/../lib/gcc/avr/4.1.2/../../../../avr/lib/avr5/crtm128.o (exit)
c:/winavr-20070525/bin/../lib/gcc/avr/4.1.2/avr5\libgcc.a(_clear_bss.o)
                              main.o (__do_clear_bss)
c:/winavr-20070525/bin/../lib/gcc/avr/4.1.2/avr5\libgcc.a(_udivmodhi4.o)
                              c:/winavr-20070525/bin/../lib/gcc/avr/4.1.2/avr5\libgcc.a(_divmodhi4.o) (__udivmodhi4)

Allocating common symbols
Common symbol       size              file

tcb                 0x18              main.o
stack               0x258             main.o
i                   0x2               drivers/uart0.o
passwd              0x6               kernel/tasks.o
name                0x4               kernel/tasks.o
passwd_confirm      0x6               kernel/tasks.o

Discarded input sections

 .stabstr       0x00000000        0x0 c:/winavr-20070525/bin/../lib/gcc/avr/4.1.2/../../../../avr/lib/avr5/crtm128.o

Memory Configuration

Name             Origin             Length             Attributes
text             0x00000000         0x00020000         xr
data             0x00800060         0x0000ffa0         rw !x
eeprom           0x00810000         0x00010000         rw !x
*default*        0x00000000         0xffffffff

Linker script and memory map

Address of section .data set to 0x800100
LOAD c:/winavr-20070525/bin/../lib/gcc/avr/4.1.2/../../../../avr/lib/avr5/crtm128.o
LOAD main.o
LOAD drivers/uart0.o
LOAD drivers/keyboard.o
LOAD kernel/tasks.o
LOAD drivers/fingermap.o
LOAD drivers/uart1.o
LOAD kernel/timer.o
LOAD kernel/scheduler.o
LOAD c:/winavr-20070525/bin/../lib/gcc/avr/4.1.2/../../../../avr/lib/avr5\libm.a
LOAD c:/winavr-20070525/bin/../lib/gcc/avr/4.1.2/avr5\libgcc.a
LOAD c:/winavr-20070525/bin/../lib/gcc/avr/4.1.2/../../../../avr/lib/avr5\libc.a
LOAD c:/winavr-20070525/bin/../lib/gcc/avr/4.1.2/avr5\libgcc.a

.hash
 *(.hash)

.dynsym
 *(.dynsym)

.dynstr
 *(.dynstr)

.gnu.version
 *(.gnu.version)

.gnu.version_d
 *(.gnu.version_d)

.gnu.version_r
 *(.gnu.version_r)

.rel.init
 *(.rel.init)

.rela.init
 *(.rela.init)

.rel.text
 *(.rel.text)
 *(.rel.text.*)
 *(.rel.gnu.linkonce.t*)

.rela.text
 *(.rela.text)
 *(.rela.text.*)
 *(.rela.gnu.linkonce.t*)

.rel.fini
 *(.rel.fini)

.rela.fini
 *(.rela.fini)

.rel.rodata
 *(.rel.rodata)
 *(.rel.rodata.*)
 *(.rel.gnu.linkonce.r*)

.rela.rodata
 *(.rela.rodata)
 *(.rela.rodata.*)
 *(.rela.gnu.linkonce.r*)

.rel.data
 *(.rel.data)
 *(.rel.data.*)
 *(.rel.gnu.linkonce.d*)

.rela.data
 *(.rela.data)
 *(.rela.data.*)
 *(.rela.gnu.linkonce.d*)

.rel.ctors
 *(.rel.ctors)

.rela.ctors
 *(.rela.ctors)

.rel.dtors
 *(.rel.dtors)

.rela.dtors
 *(.rela.dtors)

.rel.got
 *(.rel.got)

.rela.got
 *(.rela.got)

.rel.bss
 *(.rel.bss)

.rela.bss
 *(.rela.bss)

.rel.plt
 *(.rel.plt)

.rela.plt
 *(.rela.plt)

.text           0x00000000     0x1a92
 *(.vectors)
 .vectors       0x00000000       0x8c c:/winavr-20070525/bin/../lib/gcc/avr/4.1.2/../../../../avr/lib/avr5/crtm128.o
                0x00000000                __vectors
                0x00000000                __vector_default
 *(.vectors)
 *(.progmem.gcc*)
 *(.progmem*)
                0x0000008c                . = ALIGN (0x2)
                0x0000008c                __trampolines_start = .
 *(.trampolines)
 .trampolines   0x0000008c        0x0 linker stubs
 *(.trampolines*)
                0x0000008c                __trampolines_end = .
 *(.jumptables)
 *(.jumptables*)
 *(.lowtext)
 *(.lowtext*)
                0x0000008c                __ctors_start = .
 *(.ctors)
                0x0000008c                __ctors_end = .
                0x0000008c                __dtors_start = .
 *(.dtors)
                0x0000008c                __dtors_end = .
 SORT(*)(.ctors)
 SORT(*)(.dtors)
 *(.init0)
 .init0         0x0000008c        0x0 c:/winavr-20070525/bin/../lib/gcc/avr/4.1.2/../../../../avr/lib/avr5/crtm128.o
                0x0000008c                __init
 *(.init0)
 *(.init1)
 *(.init1)
 *(.init2)
 .init2         0x0000008c        0xc c:/winavr-20070525/bin/../lib/gcc/avr/4.1.2/../../../../avr/lib/avr5/crtm128.o
 *(.init2)
 *(.init3)
 *(.init3)
 *(.init4)
 .init4         0x00000098       0x1a c:/winavr-20070525/bin/../lib/gcc/avr/4.1.2/../../../../avr/lib/avr5/crtm128.o
                0x00000098                __do_copy_data
 .init4         0x000000b2       0x10 c:/winavr-20070525/bin/../lib/gcc/avr/4.1.2/avr5\libgcc.a(_clear_bss.o)
                0x000000b2                __do_clear_bss
 *(.init4)
 *(.init5)
 *(.init5)
 *(.init6)
 *(.init6)
 *(.init7)
 *(.init7)
 *(.init8)
 *(.init8)
 *(.init9)
 .init9         0x000000c2        0x8 c:/winavr-20070525/bin/../lib/gcc/avr/4.1.2/../../../../avr/lib/avr5/crtm128.o
 *(.init9)
 *(.text)
 .text          0x000000ca        0x4 c:/winavr-20070525/bin/../lib/gcc/avr/4.1.2/../../../../avr/lib/avr5/crtm128.o
                0x000000ca                __vector_22
                0x000000ca                __vector_28
                0x000000ca                __vector_1
                0x000000ca                __vector_32
                0x000000ca                __vector_34
                0x000000ca                __vector_24
                0x000000ca                __vector_12
                0x000000ca                __bad_interrupt
                0x000000ca                __vector_6
                0x000000ca                __vector_3
                0x000000ca                __vector_23
                0x000000ca                __vector_25
                0x000000ca                __vector_11
                0x000000ca                __vector_13
                0x000000ca                __vector_17
                0x000000ca                __vector_7
                0x000000ca                __vector_27
                0x000000ca                __vector_33
                0x000000ca                __vector_4
                0x000000ca                __vector_9
                0x000000ca                __vector_2
                0x000000ca                __vector_21
                0x000000ca                __vector_15
                0x000000ca                __vector_29
                0x000000ca                __vector_8
                0x000000ca                __vector_26
                0x000000ca                __vector_10
                0x000000ca                __vector_20
 .text          0x000000ce       0xc0 main.o
                0x000000ce                main
 .text          0x0000018e      0x2b0 drivers/uart0.o
                0x000002fc                UART0_DataInReceiveBuffer
                0x000002d8                UART0_TransmitByte
                0x00000384                UART0_RX_flash
                0x000003f4                UART0_Transmitconstr
                0x0000024a                __vector_19
                0x00000314                UART0_read
                0x0000038e                UART_TX_flash
                0x00000398                if_receive_a_frame
                0x0000034c                UART0_write
                0x0000018e                UART0_InitUART
                0x000002b6                UART0_ReceiveByte
                0x000003a0                Reset_receive_frame
                0x000001da                __vector_18
                0x000003aa                UART0_Transmitstr
 .text          0x0000043e      0x442 drivers/keyboard.o
                0x0000043e                keyboard_init
                0x000005d8                __vector_5
                0x00000468                GetAKey
                0x0000056e                GetKeyValue
                0x00000550                Keyboard_reset
 .text          0x00000880      0x532 kernel/tasks.o
                0x00000b16                password_authentication
                0x000009c0                password_modify
                0x00000880                process_commands
                0x00000bae                fingermap_modify
                0x00000d60                tasks_init
                0x00000d0a                fingermap_authentication
 .text          0x00000db2      0x698 drivers/fingermap.o
                0x00001092                fingermap_auth_apl
                0x000010e8                User_enroll
                0x00001406                fingermap_enroll_apl
                0x00000e72                fingermap_erase_apl
                0x00000ec2                User_auth
                0x00000db2                User_erase
 .text          0x0000144a      0x260 drivers/uart1.o
                0x00001592                UART1_read
                0x000014d8                __vector_31
                0x00001602                UART1_RX_flash
                0x00001490                __vector_30
                0x00001616                UART1_Transmitstr
                0x000015ca                UART1_write
                0x00001660                UART1_Transmitconstr
                0x0000160c                UART1_TX_flash
                0x0000152c                UART1_ReceiveByte
                0x0000154e                UART1_TransmitByte
                0x0000157a                UART1_DataInReceiveBuffer
                0x0000144a                UART1_InitUART
 .text          0x000016aa      0x1b8 kernel/timer.o
                0x000016f0                TickUpdate
                0x000016aa                TickInit
                0x00001728                TickEnable
                0x00001730                Tick0Init
                0x000016d2                TickGet
                0x00001720                TickDisable
                0x00001790                __vector_14
                0x00001744                __vector_16
 .text          0x00001862      0x19c kernel/scheduler.o
                0x000018be                start_schedule
                0x000018d4                schedule
                0x000019f8                scheduler
                0x00001984                task_delay
                0x00001862                task_create
                0x000019b8                update_ticks
 .text          0x000019fe        0x0 c:/winavr-20070525/bin/../lib/gcc/avr/4.1.2/avr5\libgcc.a(_divmodhi4.o)
 .text          0x000019fe        0x0 c:/winavr-20070525/bin/../lib/gcc/avr/4.1.2/avr5\libgcc.a(_udivmodsi4.o)
 .text          0x000019fe        0x0 c:/winavr-20070525/bin/../lib/gcc/avr/4.1.2/avr5\libgcc.a(_exit.o)
 .text          0x000019fe        0x0 c:/winavr-20070525/bin/../lib/gcc/avr/4.1.2/avr5\libgcc.a(_clear_bss.o)
 .text          0x000019fe        0x0 c:/winavr-20070525/bin/../lib/gcc/avr/4.1.2/avr5\libgcc.a(_udivmodhi4.o)
                0x000019fe                . = ALIGN (0x2)
 *(.text.*)
 .text.libgcc   0x000019fe       0x26 c:/winavr-20070525/bin/../lib/gcc/avr/4.1.2/avr5\libgcc.a(_divmodhi4.o)
                0x000019fe                __divmodhi4
                0x000019fe                _div
 .text.libgcc   0x00001a24       0x44 c:/winavr-20070525/bin/../lib/gcc/avr/4.1.2/avr5\libgcc.a(_udivmodsi4.o)
                0x00001a24                __udivmodsi4
 .text.libgcc   0x00001a68        0x0 c:/winavr-20070525/bin/../lib/gcc/avr/4.1.2/avr5\libgcc.a(_exit.o)
 .text.libgcc   0x00001a68        0x0 c:/winavr-20070525/bin/../lib/gcc/avr/4.1.2/avr5\libgcc.a(_clear_bss.o)
 .text.libgcc   0x00001a68       0x28 c:/winavr-20070525/bin/../lib/gcc/avr/4.1.2/avr5\libgcc.a(_udivmodhi4.o)
                0x00001a68                __udivmodhi4
                0x00001a90                . = ALIGN (0x2)
 *(.fini9)
 .fini9         0x00001a90        0x0 c:/winavr-20070525/bin/../lib/gcc/avr/4.1.2/avr5\libgcc.a(_exit.o)
                0x00001a90                exit
                0x00001a90                _exit
 *(.fini9)
 *(.fini8)
 *(.fini8)
 *(.fini7)
 *(.fini7)
 *(.fini6)
 *(.fini6)
 *(.fini5)
 *(.fini5)
 *(.fini4)
 *(.fini4)
 *(.fini3)
 *(.fini3)
 *(.fini2)
 *(.fini2)
 *(.fini1)
 *(.fini1)
 *(.fini0)
 .fini0         0x00001a90        0x2 c:/winavr-20070525/bin/../lib/gcc/avr/4.1.2/avr5\libgcc.a(_exit.o)
 *(.fini0)
                0x00001a92                _etext = .

.data           0x00800100       0x72 load address 0x00001a92
                0x00800100                PROVIDE (__data_start, .)
 *(.data)
 .data          0x00800100        0x0 c:/winavr-20070525/bin/../lib/gcc/avr/4.1.2/../../../../avr/lib/avr5/crtm128.o
 .data          0x00800100        0x0 main.o
 .data          0x00800100        0x0 drivers/uart0.o
 .data          0x00800100        0x0 drivers/keyboard.o
 .data          0x00800100       0x71 kernel/tasks.o
                0x00800100                fingermapid
 .data          0x00800171        0x0 drivers/fingermap.o
 .data          0x00800171        0x0 drivers/uart1.o
 .data          0x00800171        0x0 kernel/timer.o
 .data          0x00800171        0x0 kernel/scheduler.o
 .data          0x00800171        0x0 c:/winavr-20070525/bin/../lib/gcc/avr/4.1.2/avr5\libgcc.a(_divmodhi4.o)
 .data          0x00800171        0x0 c:/winavr-20070525/bin/../lib/gcc/avr/4.1.2/avr5\libgcc.a(_udivmodsi4.o)
 .data          0x00800171        0x0 c:/winavr-20070525/bin/../lib/gcc/avr/4.1.2/avr5\libgcc.a(_exit.o)
 .data          0x00800171        0x0 c:/winavr-20070525/bin/../lib/gcc/avr/4.1.2/avr5\libgcc.a(_clear_bss.o)
 .data          0x00800171        0x0 c:/winavr-20070525/bin/../lib/gcc/avr/4.1.2/avr5\libgcc.a(_udivmodhi4.o)
 *(.data*)
 *(.rodata)
 *(.rodata*)
 *(.gnu.linkonce.d*)
                0x00800172                . = ALIGN (0x2)
 *fill*         0x00800171        0x1 00
                0x00800172                _edata = .
                0x00800172                PROVIDE (__data_end, .)

.bss            0x00800172      0x59e
                0x00800172                PROVIDE (__bss_start, .)
 *(.bss)
 .bss           0x00800172        0x0 c:/winavr-20070525/bin/../lib/gcc/avr/4.1.2/../../../../avr/lib/avr5/crtm128.o
 .bss           0x00800172        0x0 main.o
 .bss           0x00800172      0x18b drivers/uart0.o
                0x00800174                receive_count
                0x00800172                receive_length
                0x00800176                receive_a_frame
 .bss           0x008002fd        0x0 drivers/keyboard.o
 .bss           0x008002fd        0x8 kernel/tasks.o
                0x00800300                fingermapmodify
                0x00800301                processcommand
                0x008002fd                passwdauth
                0x008002ff                fingermapauth
                0x008002fe                passwdmodify
                0x00800302                confirm
                0x00800304                userauthed
                0x00800303                get_key_count
 .bss           0x00800305        0x0 drivers/fingermap.o
 .bss           0x00800305      0x185 drivers/uart1.o
 .bss           0x0080048a        0x4 kernel/timer.o
                0x0080048a                TickCount
 .bss           0x0080048e        0x0 kernel/scheduler.o
 .bss           0x0080048e        0x0 c:/winavr-20070525/bin/../lib/gcc/avr/4.1.2/avr5\libgcc.a(_divmodhi4.o)
 .bss           0x0080048e        0x0 c:/winavr-20070525/bin/../lib/gcc/avr/4.1.2/avr5\libgcc.a(_udivmodsi4.o)
 .bss           0x0080048e        0x0 c:/winavr-20070525/bin/../lib/gcc/avr/4.1.2/avr5\libgcc.a(_exit.o)
 .bss           0x0080048e        0x0 c:/winavr-20070525/bin/../lib/gcc/avr/4.1.2/avr5\libgcc.a(_clear_bss.o)
 .bss           0x0080048e        0x0 c:/winavr-20070525/bin/../lib/gcc/avr/4.1.2/avr5\libgcc.a(_udivmodhi4.o)
 *(.bss*)
 *(COMMON)
 COMMON         0x0080048e      0x270 main.o
                0x0080048e                tcb
                0x008004a6                stack
 COMMON         0x008006fe        0x2 drivers/uart0.o
                0x008006fe                i
 COMMON         0x00800700       0x10 kernel/tasks.o
                0x00800700                passwd
                0x00800706                name
                0x0080070a                passwd_confirm
                0x00800710                PROVIDE (__bss_end, .)
                0x00001a92                __data_load_start = LOADADDR (.data)
                0x00001b04                __data_load_end = (__data_load_start + SIZEOF (.data))

.noinit         0x00800710        0x0
                0x00800710                PROVIDE (__noinit_start, .)
 *(.noinit*)
                0x00800710                PROVIDE (__noinit_end, .)
                0x00800710                _end = .
                0x00800710                PROVIDE (__heap_start, .)

.eeprom         0x00810000        0x0
 *(.eeprom*)
                0x00810000                __eeprom_end = .

.stab           0x00000000      0x414
 *(.stab)
 .stab          0x00000000      0x414 c:/winavr-20070525/bin/../lib/gcc/avr/4.1.2/../../../../avr/lib/avr5/crtm128.o

.stabstr        0x00000000       0x71
 *(.stabstr)
 .stabstr       0x00000000       0x71 c:/winavr-20070525/bin/../lib/gcc/avr/4.1.2/../../../../avr/lib/avr5/crtm128.o

.stab.excl
 *(.stab.excl)

.stab.exclstr
 *(.stab.exclstr)

.stab.index
 *(.stab.index)

.stab.indexstr
 *(.stab.indexstr)

.comment
 *(.comment)

.debug
 *(.debug)

.line
 *(.line)

.debug_srcinfo
 *(.debug_srcinfo)

.debug_sfnames
 *(.debug_sfnames)

.debug_aranges  0x00000000      0x100
 *(.debug_aranges)
 .debug_aranges
                0x00000000       0x20 main.o
 .debug_aranges
                0x00000020       0x20 drivers/uart0.o
 .debug_aranges
                0x00000040       0x20 drivers/keyboard.o
 .debug_aranges
                0x00000060       0x20 kernel/tasks.o
 .debug_aranges
                0x00000080       0x20 drivers/fingermap.o
 .debug_aranges
                0x000000a0       0x20 drivers/uart1.o
 .debug_aranges
                0x000000c0       0x20 kernel/timer.o
 .debug_aranges
                0x000000e0       0x20 kernel/scheduler.o

.debug_pubnames
                0x00000000      0x859
 *(.debug_pubnames)
 .debug_pubnames
                0x00000000       0xf9 main.o
 .debug_pubnames
                0x000000f9      0x171 drivers/uart0.o
 .debug_pubnames
                0x0000026a       0x62 drivers/keyboard.o
 .debug_pubnames
                0x000002cc      0x155 kernel/tasks.o
 .debug_pubnames
                0x00000421       0x87 drivers/fingermap.o
 .debug_pubnames
                0x000004a8      0x104 drivers/uart1.o
 .debug_pubnames
                0x000005ac      0x169 kernel/timer.o
 .debug_pubnames
                0x00000715      0x144 kernel/scheduler.o

.debug_info     0x00000000     0x21f0
 *(.debug_info)
 .debug_info    0x00000000      0x218 main.o
 .debug_info    0x00000218      0x4cb drivers/uart0.o
 .debug_info    0x000006e3      0x4d4 drivers/keyboard.o
 .debug_info    0x00000bb7      0x546 kernel/tasks.o
 .debug_info    0x000010fd      0x726 drivers/fingermap.o
 .debug_info    0x00001823      0x3b2 drivers/uart1.o
 .debug_info    0x00001bd5      0x342 kernel/timer.o
 .debug_info    0x00001f17      0x2d9 kernel/scheduler.o
 *(.gnu.linkonce.wi.*)

.debug_abbrev   0x00000000      0x88a
 *(.debug_abbrev)
 .debug_abbrev  0x00000000       0x9c main.o
 .debug_abbrev  0x0000009c      0x175 drivers/uart0.o
 .debug_abbrev  0x00000211       0xed drivers/keyboard.o
 .debug_abbrev  0x000002fe       0xf2 kernel/tasks.o
 .debug_abbrev  0x000003f0      0x149 drivers/fingermap.o
 .debug_abbrev  0x00000539      0x116 drivers/uart1.o
 .debug_abbrev  0x0000064f      0x13a kernel/timer.o
 .debug_abbrev  0x00000789      0x101 kernel/scheduler.o

.debug_line     0x00000000     0x1b9e
 *(.debug_line)
 .debug_line    0x00000000      0x1cc main.o
 .debug_line    0x000001cc      0x373 drivers/uart0.o
 .debug_line    0x0000053f      0x3ff drivers/keyboard.o
 .debug_line    0x0000093e      0x4bd kernel/tasks.o
 .debug_line    0x00000dfb      0x4fb drivers/fingermap.o
 .debug_line    0x000012f6      0x2eb drivers/uart1.o
 .debug_line    0x000015e1      0x24c kernel/timer.o
 .debug_line    0x0000182d      0x371 kernel/scheduler.o

.debug_frame    0x00000000      0x420
 *(.debug_frame)
 .debug_frame   0x00000000       0x20 main.o
 .debug_frame   0x00000020       0xf0 drivers/uart0.o
 .debug_frame   0x00000110       0x60 drivers/keyboard.o
 .debug_frame   0x00000170       0x70 kernel/tasks.o
 .debug_frame   0x000001e0       0x70 drivers/fingermap.o
 .debug_frame   0x00000250       0xd0 drivers/uart1.o
 .debug_frame   0x00000320       0x90 kernel/timer.o
 .debug_frame   0x000003b0       0x70 kernel/scheduler.o

.debug_str      0x00000000      0x7ae
 *(.debug_str)
 .debug_str     0x00000000      0x160 main.o
                                0x1b1 (size before relaxing)
 .debug_str     0x00000160      0x1da drivers/uart0.o
                                0x2e2 (size before relaxing)
 .debug_str     0x0000033a       0xb5 drivers/keyboard.o
                                0x1ba (size before relaxing)
 .debug_str     0x000003ef      0x107 kernel/tasks.o
                                0x26b (size before relaxing)
 .debug_str     0x000004f6       0x9e drivers/fingermap.o
                                0x1a2 (size before relaxing)
 .debug_str     0x00000594      0x12c drivers/uart1.o
                                0x23c (size before relaxing)
 .debug_str     0x000006c0       0x84 kernel/timer.o
                                0x230 (size before relaxing)
 .debug_str     0x00000744       0x6a kernel/scheduler.o
                                0x21e (size before relaxing)

.debug_loc      0x00000000     0x122a
 *(.debug_loc)
 .debug_loc     0x00000000      0x1f2 drivers/uart0.o
 .debug_loc     0x000001f2      0x50d drivers/keyboard.o
 .debug_loc     0x000006ff      0x22f kernel/tasks.o
 .debug_loc     0x0000092e      0x5cd drivers/fingermap.o
 .debug_loc     0x00000efb      0x1f8 drivers/uart1.o
 .debug_loc     0x000010f3       0x40 kernel/timer.o
 .debug_loc     0x00001133       0xf7 kernel/scheduler.o

.debug_macinfo
 *(.debug_macinfo)
OUTPUT(main.elf elf32-avr)
LOAD linker stubs

Cross Reference Table

Symbol                                            File
GetAKey                                           drivers/keyboard.o
GetKeyValue                                       drivers/keyboard.o
                                                  kernel/tasks.o
Keyboard_reset                                    drivers/keyboard.o
Reset_receive_frame                               drivers/uart0.o
                                                  kernel/tasks.o
Tick0Init                                         kernel/timer.o
                                                  main.o
TickCount                                         kernel/timer.o
TickDisable                                       kernel/timer.o
TickEnable                                        kernel/timer.o
                                                  drivers/keyboard.o
TickGet                                           kernel/timer.o
TickInit                                          kernel/timer.o
                                                  main.o
TickUpdate                                        kernel/timer.o
UART0_DataInReceiveBuffer                         drivers/uart0.o
UART0_InitUART                                    drivers/uart0.o
                                                  main.o
UART0_RX_flash                                    drivers/uart0.o
UART0_ReceiveByte                                 drivers/uart0.o
UART0_TransmitByte                                drivers/uart0.o
UART0_Transmitconstr                              drivers/uart0.o
UART0_Transmitstr                                 drivers/uart0.o
UART0_read                                        drivers/uart0.o
                                                  kernel/tasks.o
UART0_write                                       drivers/uart0.o
                                                  kernel/tasks.o
UART1_DataInReceiveBuffer                         drivers/uart1.o
UART1_InitUART                                    drivers/uart1.o
                                                  main.o
UART1_RX_flash                                    drivers/uart1.o
                                                  drivers/fingermap.o
UART1_ReceiveByte                                 drivers/uart1.o
UART1_TX_flash                                    drivers/uart1.o
UART1_TransmitByte                                drivers/uart1.o
UART1_Transmitconstr                              drivers/uart1.o
UART1_Transmitstr                                 drivers/uart1.o
UART1_read                                        drivers/uart1.o
                                                  drivers/fingermap.o
UART1_write                                       drivers/uart1.o
                                                  drivers/fingermap.o
UART_TX_flash                                     drivers/uart0.o
User_auth                                         drivers/fingermap.o
User_enroll                                       drivers/fingermap.o
User_erase                                        drivers/fingermap.o
__bad_interrupt                                   c:/winavr-20070525/bin/../lib/gcc/avr/4.1.2/../../../../avr/lib/avr5/crtm128.o
__bss_end                                         c:/winavr-20070525/bin/../lib/gcc/avr/4.1.2/avr5\libgcc.a(_clear_bss.o)
__bss_start                                       c:/winavr-20070525/bin/../lib/gcc/avr/4.1.2/avr5\libgcc.a(_clear_bss.o)
__data_end                                        c:/winavr-20070525/bin/../lib/gcc/avr/4.1.2/../../../../avr/lib/avr5/crtm128.o
__data_load_start                                 c:/winavr-20070525/bin/../lib/gcc/avr/4.1.2/../../../../avr/lib/avr5/crtm128.o
__data_start                                      c:/winavr-20070525/bin/../lib/gcc/avr/4.1.2/../../../../avr/lib/avr5/crtm128.o
__divmodhi4                                       c:/winavr-20070525/bin/../lib/gcc/avr/4.1.2/avr5\libgcc.a(_divmodhi4.o)
                                                  kernel/scheduler.o
__do_clear_bss                                    c:/winavr-20070525/bin/../lib/gcc/avr/4.1.2/avr5\libgcc.a(_clear_bss.o)
                                                  kernel/scheduler.o
                                                  kernel/timer.o
                                                  drivers/uart1.o
                                                  drivers/fingermap.o
                                                  kernel/tasks.o
                                                  drivers/keyboard.o
                                                  drivers/uart0.o
                                                  main.o
__do_copy_data                                    c:/winavr-20070525/bin/../lib/gcc/avr/4.1.2/../../../../avr/lib/avr5/crtm128.o
                                                  kernel/scheduler.o
                                                  kernel/timer.o
                                                  drivers/uart1.o
                                                  drivers/fingermap.o
                                                  kernel/tasks.o
                                                  drivers/keyboard.o
                                                  drivers/uart0.o
                                                  main.o
__heap_end                                        c:/winavr-20070525/bin/../lib/gcc/avr/4.1.2/../../../../avr/lib/avr5/crtm128.o
__init                                            c:/winavr-20070525/bin/../lib/gcc/avr/4.1.2/../../../../avr/lib/avr5/crtm128.o
__stack                                           c:/winavr-20070525/bin/../lib/gcc/avr/4.1.2/../../../../avr/lib/avr5/crtm128.o
__udivmodhi4                                      c:/winavr-20070525/bin/../lib/gcc/avr/4.1.2/avr5\libgcc.a(_udivmodhi4.o)
                                                  c:/winavr-20070525/bin/../lib/gcc/avr/4.1.2/avr5\libgcc.a(_divmodhi4.o)
__udivmodsi4                                      c:/winavr-20070525/bin/../lib/gcc/avr/4.1.2/avr5\libgcc.a(_udivmodsi4.o)
                                                  drivers/uart1.o
                                                  drivers/uart0.o
__vector_1                                        c:/winavr-20070525/bin/../lib/gcc/avr/4.1.2/../../../../avr/lib/avr5/crtm128.o
__vector_10                                       c:/winavr-20070525/bin/../lib/gcc/avr/4.1.2/../../../../avr/lib/avr5/crtm128.o
__vector_11                                       c:/winavr-20070525/bin/../lib/gcc/avr/4.1.2/../../../../avr/lib/avr5/crtm128.o
__vector_12                                       c:/winavr-20070525/bin/../lib/gcc/avr/4.1.2/../../../../avr/lib/avr5/crtm128.o
__vector_13                                       c:/winavr-20070525/bin/../lib/gcc/avr/4.1.2/../../../../avr/lib/avr5/crtm128.o
__vector_14                                       kernel/timer.o
                                                  c:/winavr-20070525/bin/../lib/gcc/avr/4.1.2/../../../../avr/lib/avr5/crtm128.o
__vector_15                                       c:/winavr-20070525/bin/../lib/gcc/avr/4.1.2/../../../../avr/lib/avr5/crtm128.o
__vector_16                                       kernel/timer.o
                                                  c:/winavr-20070525/bin/../lib/gcc/avr/4.1.2/../../../../avr/lib/avr5/crtm128.o
__vector_17                                       c:/winavr-20070525/bin/../lib/gcc/avr/4.1.2/../../../../avr/lib/avr5/crtm128.o
__vector_18                                       drivers/uart0.o
                                                  c:/winavr-20070525/bin/../lib/gcc/avr/4.1.2/../../../../avr/lib/avr5/crtm128.o
__vector_19                                       drivers/uart0.o
                                                  c:/winavr-20070525/bin/../lib/gcc/avr/4.1.2/../../../../avr/lib/avr5/crtm128.o
__vector_2                                        c:/winavr-20070525/bin/../lib/gcc/avr/4.1.2/../../../../avr/lib/avr5/crtm128.o
__vector_20                                       c:/winavr-20070525/bin/../lib/gcc/avr/4.1.2/../../../../avr/lib/avr5/crtm128.o
__vector_21                                       c:/winavr-20070525/bin/../lib/gcc/avr/4.1.2/../../../../avr/lib/avr5/crtm128.o
__vector_22                                       c:/winavr-20070525/bin/../lib/gcc/avr/4.1.2/../../../../avr/lib/avr5/crtm128.o
__vector_23                                       c:/winavr-20070525/bin/../lib/gcc/avr/4.1.2/../../../../avr/lib/avr5/crtm128.o
__vector_24                                       c:/winavr-20070525/bin/../lib/gcc/avr/4.1.2/../../../../avr/lib/avr5/crtm128.o
__vector_25                                       c:/winavr-20070525/bin/../lib/gcc/avr/4.1.2/../../../../avr/lib/avr5/crtm128.o
__vector_26                                       c:/winavr-20070525/bin/../lib/gcc/avr/4.1.2/../../../../avr/lib/avr5/crtm128.o
__vector_27                                       c:/winavr-20070525/bin/../lib/gcc/avr/4.1.2/../../../../avr/lib/avr5/crtm128.o
__vector_28                                       c:/winavr-20070525/bin/../lib/gcc/avr/4.1.2/../../../../avr/lib/avr5/crtm128.o
__vector_29                                       c:/winavr-20070525/bin/../lib/gcc/avr/4.1.2/../../../../avr/lib/avr5/crtm128.o
__vector_3                                        c:/winavr-20070525/bin/../lib/gcc/avr/4.1.2/../../../../avr/lib/avr5/crtm128.o
__vector_30                                       drivers/uart1.o
                                                  c:/winavr-20070525/bin/../lib/gcc/avr/4.1.2/../../../../avr/lib/avr5/crtm128.o
__vector_31                                       drivers/uart1.o
                                                  c:/winavr-20070525/bin/../lib/gcc/avr/4.1.2/../../../../avr/lib/avr5/crtm128.o
__vector_32                                       c:/winavr-20070525/bin/../lib/gcc/avr/4.1.2/../../../../avr/lib/avr5/crtm128.o
__vector_33                                       c:/winavr-20070525/bin/../lib/gcc/avr/4.1.2/../../../../avr/lib/avr5/crtm128.o
__vector_34                                       c:/winavr-20070525/bin/../lib/gcc/avr/4.1.2/../../../../avr/lib/avr5/crtm128.o
__vector_4                                        c:/winavr-20070525/bin/../lib/gcc/avr/4.1.2/../../../../avr/lib/avr5/crtm128.o
__vector_5                                        drivers/keyboard.o
                                                  c:/winavr-20070525/bin/../lib/gcc/avr/4.1.2/../../../../avr/lib/avr5/crtm128.o
__vector_6                                        c:/winavr-20070525/bin/../lib/gcc/avr/4.1.2/../../../../avr/lib/avr5/crtm128.o
__vector_7                                        c:/winavr-20070525/bin/../lib/gcc/avr/4.1.2/../../../../avr/lib/avr5/crtm128.o
__vector_8                                        c:/winavr-20070525/bin/../lib/gcc/avr/4.1.2/../../../../avr/lib/avr5/crtm128.o
__vector_9                                        c:/winavr-20070525/bin/../lib/gcc/avr/4.1.2/../../../../avr/lib/avr5/crtm128.o
__vector_default                                  c:/winavr-20070525/bin/../lib/gcc/avr/4.1.2/../../../../avr/lib/avr5/crtm128.o
__vectors                                         c:/winavr-20070525/bin/../lib/gcc/avr/4.1.2/../../../../avr/lib/avr5/crtm128.o
_div                                              c:/winavr-20070525/bin/../lib/gcc/avr/4.1.2/avr5\libgcc.a(_divmodhi4.o)
_exit                                             c:/winavr-20070525/bin/../lib/gcc/avr/4.1.2/avr5\libgcc.a(_exit.o)
confirm                                           kernel/tasks.o
                                                  drivers/keyboard.o
exit                                              c:/winavr-20070525/bin/../lib/gcc/avr/4.1.2/avr5\libgcc.a(_exit.o)
                                                  c:/winavr-20070525/bin/../lib/gcc/avr/4.1.2/../../../../avr/lib/avr5/crtm128.o
fingermap_auth_apl                                drivers/fingermap.o
                                                  kernel/tasks.o
fingermap_authentication                          kernel/tasks.o
                                                  main.o
fingermap_enroll_apl                              drivers/fingermap.o
                                                  kernel/tasks.o
fingermap_erase_apl                               drivers/fingermap.o
                                                  kernel/tasks.o
fingermap_modify                                  kernel/tasks.o
                                                  main.o
fingermapauth                                     kernel/tasks.o
                                                  drivers/keyboard.o
fingermapid                                       kernel/tasks.o
                                                  drivers/fingermap.o
fingermapmodify                                   kernel/tasks.o
                                                  drivers/keyboard.o
get_key_count                                     kernel/tasks.o
                                                  drivers/keyboard.o
i                                                 drivers/uart0.o
if_receive_a_frame                                drivers/uart0.o
                                                  kernel/tasks.o
keyboard_init                                     drivers/keyboard.o
                                                  main.o
main                                              main.o
                                                  c:/winavr-20070525/bin/../lib/gcc/avr/4.1.2/../../../../avr/lib/avr5/crtm128.o
name                                              kernel/tasks.o
                                                  drivers/keyboard.o
passwd                                            kernel/tasks.o
                                                  drivers/keyboard.o
passwd_confirm                                    kernel/tasks.o
                                                  drivers/keyboard.o
passwdauth                                        kernel/tasks.o
                                                  drivers/keyboard.o
passwdmodify                                      kernel/tasks.o
                                                  drivers/keyboard.o
password_authentication                           kernel/tasks.o
                                                  main.o
password_modify                                   kernel/tasks.o
                                                  main.o
process_commands                                  kernel/tasks.o
                                                  main.o
processcommand                                    kernel/tasks.o
receive_a_frame                                   drivers/uart0.o
receive_count                                     drivers/uart0.o
receive_length                                    drivers/uart0.o
schedule                                          kernel/scheduler.o
scheduler                                         kernel/scheduler.o
                                                  main.o
stack                                             main.o
start_schedule                                    kernel/scheduler.o
                                                  main.o
task_create                                       kernel/scheduler.o
                                                  main.o
task_delay                                        kernel/scheduler.o
                                                  kernel/tasks.o
tasks_init                                        kernel/tasks.o
                                                  kernel/timer.o
tcb                                               kernel/scheduler.o
                                                  kernel/timer.o
                                                  main.o
update_ticks                                      kernel/scheduler.o
                                                  kernel/timer.o
userauthed                                        kernel/tasks.o
